// Jest Snapshot v1, https://goo.gl/fbAQLP

exports[`RecoveryPhraseInput renders correctly 1`] = `
<View
  style={
    Array [
      Object {
        "alignItems": "center",
        "flexDirection": "row",
        "flexWrap": "wrap",
        "justifyContent": "space-between",
      },
      undefined,
    ]
  }
>
  <View
    style={
      Object {
        "padding": 4,
        "width": "50%",
      }
    }
  >
    <View>
      <View
        style={
          Array [
            Object {
              "backgroundColor": "white",
              "borderRadius": 27,
              "borderWidth": 1,
              "padding": 17,
              "paddingBottom": 3,
              "paddingTop": 7,
              "shadowColor": "#000000",
              "shadowOffset": Object {
                "height": 4,
                "width": 0,
              },
              "shadowOpacity": 0.05,
              "shadowRadius": 8,
            },
            Object {
              "paddingTop": 7,
            },
            Object {
              "borderColor": "#DDDDDF",
            },
          ]
        }
      >
        <TextInput
          autoCapitalize="none"
          autoCorrect={false}
          enablesReturnKeyAutomatically={true}
          keyboardType={undefined}
          onBlur={[Function]}
          onChangeText={[Function]}
          onFocus={[Function]}
          onSubmitEditing={[Function]}
          placeholder={undefined}
          placeholderTextColor="#DDDDDF"
          returnKeyType="next"
          selectionColor="#FFCA8B"
          style={
            Array [
              Object {
                "color": "#504E64",
                "fontFamily": "Avenir Next",
                "fontSize": 13,
                "fontWeight": "400",
                "height": 27,
                "letterSpacing": 1.45,
                "width": 278,
              },
              Array [
                Object {
                  "fontFamily": "Menlo-Regular",
                  "fontSize": 13,
                  "height": 27,
                  "letterSpacing": 1,
                  "padding": 0,
                  "paddingLeft": 20,
                  "width": "100%",
                },
                Object {},
              ],
            ]
          }
          value={undefined}
        />
      </View>
      <Text
        accessible={true}
        allowFontScaling={true}
        disabled={false}
        ellipsizeMode="tail"
        style={
          Array [
            Object {
              "color": "#DDDDDF",
              "fontFamily": "Menlo-Regular",
              "fontSize": 13,
              "left": 13,
              "position": "absolute",
              "top": 12.5,
            },
            Object {},
          ]
        }
      >
        1
        .
      </Text>
    </View>
  </View>
  <View
    style={
      Object {
        "padding": 4,
        "width": "50%",
      }
    }
  >
    <View>
      <View
        style={
          Array [
            Object {
              "backgroundColor": "white",
              "borderRadius": 27,
              "borderWidth": 1,
              "padding": 17,
              "paddingBottom": 3,
              "paddingTop": 7,
              "shadowColor": "#000000",
              "shadowOffset": Object {
                "height": 4,
                "width": 0,
              },
              "shadowOpacity": 0.05,
              "shadowRadius": 8,
            },
            Object {
              "paddingTop": 7,
            },
            Object {
              "borderColor": "#DDDDDF",
            },
          ]
        }
      >
        <TextInput
          autoCapitalize="none"
          autoCorrect={false}
          enablesReturnKeyAutomatically={true}
          keyboardType={undefined}
          onBlur={[Function]}
          onChangeText={[Function]}
          onFocus={[Function]}
          onSubmitEditing={[Function]}
          placeholder={undefined}
          placeholderTextColor="#DDDDDF"
          returnKeyType="next"
          selectionColor="#FFCA8B"
          style={
            Array [
              Object {
                "color": "#504E64",
                "fontFamily": "Avenir Next",
                "fontSize": 13,
                "fontWeight": "400",
                "height": 27,
                "letterSpacing": 1.45,
                "width": 278,
              },
              Array [
                Object {
                  "fontFamily": "Menlo-Regular",
                  "fontSize": 13,
                  "height": 27,
                  "letterSpacing": 1,
                  "padding": 0,
                  "paddingLeft": 20,
                  "width": "100%",
                },
                Object {},
              ],
            ]
          }
          value={undefined}
        />
      </View>
      <Text
        accessible={true}
        allowFontScaling={true}
        disabled={false}
        ellipsizeMode="tail"
        style={
          Array [
            Object {
              "color": "#DDDDDF",
              "fontFamily": "Menlo-Regular",
              "fontSize": 13,
              "left": 13,
              "position": "absolute",
              "top": 12.5,
            },
            Object {},
          ]
        }
      >
        2
        .
      </Text>
    </View>
  </View>
  <View
    style={
      Object {
        "padding": 4,
        "width": "50%",
      }
    }
  >
    <View>
      <View
        style={
          Array [
            Object {
              "backgroundColor": "white",
              "borderRadius": 27,
              "borderWidth": 1,
              "padding": 17,
              "paddingBottom": 3,
              "paddingTop": 7,
              "shadowColor": "#000000",
              "shadowOffset": Object {
                "height": 4,
                "width": 0,
              },
              "shadowOpacity": 0.05,
              "shadowRadius": 8,
            },
            Object {
              "paddingTop": 7,
            },
            Object {
              "borderColor": "#DDDDDF",
            },
          ]
        }
      >
        <TextInput
          autoCapitalize="none"
          autoCorrect={false}
          enablesReturnKeyAutomatically={true}
          keyboardType={undefined}
          onBlur={[Function]}
          onChangeText={[Function]}
          onFocus={[Function]}
          onSubmitEditing={[Function]}
          placeholder={undefined}
          placeholderTextColor="#DDDDDF"
          returnKeyType="next"
          selectionColor="#FFCA8B"
          style={
            Array [
              Object {
                "color": "#504E64",
                "fontFamily": "Avenir Next",
                "fontSize": 13,
                "fontWeight": "400",
                "height": 27,
                "letterSpacing": 1.45,
                "width": 278,
              },
              Array [
                Object {
                  "fontFamily": "Menlo-Regular",
                  "fontSize": 13,
                  "height": 27,
                  "letterSpacing": 1,
                  "padding": 0,
                  "paddingLeft": 20,
                  "width": "100%",
                },
                Object {},
              ],
            ]
          }
          value={undefined}
        />
      </View>
      <Text
        accessible={true}
        allowFontScaling={true}
        disabled={false}
        ellipsizeMode="tail"
        style={
          Array [
            Object {
              "color": "#DDDDDF",
              "fontFamily": "Menlo-Regular",
              "fontSize": 13,
              "left": 13,
              "position": "absolute",
              "top": 12.5,
            },
            Object {},
          ]
        }
      >
        3
        .
      </Text>
    </View>
  </View>
  <View
    style={
      Object {
        "padding": 4,
        "width": "50%",
      }
    }
  >
    <View>
      <View
        style={
          Array [
            Object {
              "backgroundColor": "white",
              "borderRadius": 27,
              "borderWidth": 1,
              "padding": 17,
              "paddingBottom": 3,
              "paddingTop": 7,
              "shadowColor": "#000000",
              "shadowOffset": Object {
                "height": 4,
                "width": 0,
              },
              "shadowOpacity": 0.05,
              "shadowRadius": 8,
            },
            Object {
              "paddingTop": 7,
            },
            Object {
              "borderColor": "#DDDDDF",
            },
          ]
        }
      >
        <TextInput
          autoCapitalize="none"
          autoCorrect={false}
          enablesReturnKeyAutomatically={true}
          keyboardType={undefined}
          onBlur={[Function]}
          onChangeText={[Function]}
          onFocus={[Function]}
          onSubmitEditing={[Function]}
          placeholder={undefined}
          placeholderTextColor="#DDDDDF"
          returnKeyType="next"
          selectionColor="#FFCA8B"
          style={
            Array [
              Object {
                "color": "#504E64",
                "fontFamily": "Avenir Next",
                "fontSize": 13,
                "fontWeight": "400",
                "height": 27,
                "letterSpacing": 1.45,
                "width": 278,
              },
              Array [
                Object {
                  "fontFamily": "Menlo-Regular",
                  "fontSize": 13,
                  "height": 27,
                  "letterSpacing": 1,
                  "padding": 0,
                  "paddingLeft": 20,
                  "width": "100%",
                },
                Object {},
              ],
            ]
          }
          value={undefined}
        />
      </View>
      <Text
        accessible={true}
        allowFontScaling={true}
        disabled={false}
        ellipsizeMode="tail"
        style={
          Array [
            Object {
              "color": "#DDDDDF",
              "fontFamily": "Menlo-Regular",
              "fontSize": 13,
              "left": 13,
              "position": "absolute",
              "top": 12.5,
            },
            Object {},
          ]
        }
      >
        4
        .
      </Text>
    </View>
  </View>
  <View
    style={
      Object {
        "padding": 4,
        "width": "50%",
      }
    }
  >
    <View>
      <View
        style={
          Array [
            Object {
              "backgroundColor": "white",
              "borderRadius": 27,
              "borderWidth": 1,
              "padding": 17,
              "paddingBottom": 3,
              "paddingTop": 7,
              "shadowColor": "#000000",
              "shadowOffset": Object {
                "height": 4,
                "width": 0,
              },
              "shadowOpacity": 0.05,
              "shadowRadius": 8,
            },
            Object {
              "paddingTop": 7,
            },
            Object {
              "borderColor": "#DDDDDF",
            },
          ]
        }
      >
        <TextInput
          autoCapitalize="none"
          autoCorrect={false}
          enablesReturnKeyAutomatically={true}
          keyboardType={undefined}
          onBlur={[Function]}
          onChangeText={[Function]}
          onFocus={[Function]}
          onSubmitEditing={[Function]}
          placeholder={undefined}
          placeholderTextColor="#DDDDDF"
          returnKeyType="next"
          selectionColor="#FFCA8B"
          style={
            Array [
              Object {
                "color": "#504E64",
                "fontFamily": "Avenir Next",
                "fontSize": 13,
                "fontWeight": "400",
                "height": 27,
                "letterSpacing": 1.45,
                "width": 278,
              },
              Array [
                Object {
                  "fontFamily": "Menlo-Regular",
                  "fontSize": 13,
                  "height": 27,
                  "letterSpacing": 1,
                  "padding": 0,
                  "paddingLeft": 20,
                  "width": "100%",
                },
                Object {},
              ],
            ]
          }
          value={undefined}
        />
      </View>
      <Text
        accessible={true}
        allowFontScaling={true}
        disabled={false}
        ellipsizeMode="tail"
        style={
          Array [
            Object {
              "color": "#DDDDDF",
              "fontFamily": "Menlo-Regular",
              "fontSize": 13,
              "left": 13,
              "position": "absolute",
              "top": 12.5,
            },
            Object {},
          ]
        }
      >
        5
        .
      </Text>
    </View>
  </View>
  <View
    style={
      Object {
        "padding": 4,
        "width": "50%",
      }
    }
  >
    <View>
      <View
        style={
          Array [
            Object {
              "backgroundColor": "white",
              "borderRadius": 27,
              "borderWidth": 1,
              "padding": 17,
              "paddingBottom": 3,
              "paddingTop": 7,
              "shadowColor": "#000000",
              "shadowOffset": Object {
                "height": 4,
                "width": 0,
              },
              "shadowOpacity": 0.05,
              "shadowRadius": 8,
            },
            Object {
              "paddingTop": 7,
            },
            Object {
              "borderColor": "#DDDDDF",
            },
          ]
        }
      >
        <TextInput
          autoCapitalize="none"
          autoCorrect={false}
          enablesReturnKeyAutomatically={true}
          keyboardType={undefined}
          onBlur={[Function]}
          onChangeText={[Function]}
          onFocus={[Function]}
          onSubmitEditing={[Function]}
          placeholder={undefined}
          placeholderTextColor="#DDDDDF"
          returnKeyType="next"
          selectionColor="#FFCA8B"
          style={
            Array [
              Object {
                "color": "#504E64",
                "fontFamily": "Avenir Next",
                "fontSize": 13,
                "fontWeight": "400",
                "height": 27,
                "letterSpacing": 1.45,
                "width": 278,
              },
              Array [
                Object {
                  "fontFamily": "Menlo-Regular",
                  "fontSize": 13,
                  "height": 27,
                  "letterSpacing": 1,
                  "padding": 0,
                  "paddingLeft": 20,
                  "width": "100%",
                },
                Object {},
              ],
            ]
          }
          value={undefined}
        />
      </View>
      <Text
        accessible={true}
        allowFontScaling={true}
        disabled={false}
        ellipsizeMode="tail"
        style={
          Array [
            Object {
              "color": "#DDDDDF",
              "fontFamily": "Menlo-Regular",
              "fontSize": 13,
              "left": 13,
              "position": "absolute",
              "top": 12.5,
            },
            Object {},
          ]
        }
      >
        6
        .
      </Text>
    </View>
  </View>
  <View
    style={
      Object {
        "padding": 4,
        "width": "50%",
      }
    }
  >
    <View>
      <View
        style={
          Array [
            Object {
              "backgroundColor": "white",
              "borderRadius": 27,
              "borderWidth": 1,
              "padding": 17,
              "paddingBottom": 3,
              "paddingTop": 7,
              "shadowColor": "#000000",
              "shadowOffset": Object {
                "height": 4,
                "width": 0,
              },
              "shadowOpacity": 0.05,
              "shadowRadius": 8,
            },
            Object {
              "paddingTop": 7,
            },
            Object {
              "borderColor": "#DDDDDF",
            },
          ]
        }
      >
        <TextInput
          autoCapitalize="none"
          autoCorrect={false}
          enablesReturnKeyAutomatically={true}
          keyboardType={undefined}
          onBlur={[Function]}
          onChangeText={[Function]}
          onFocus={[Function]}
          onSubmitEditing={[Function]}
          placeholder={undefined}
          placeholderTextColor="#DDDDDF"
          returnKeyType="next"
          selectionColor="#FFCA8B"
          style={
            Array [
              Object {
                "color": "#504E64",
                "fontFamily": "Avenir Next",
                "fontSize": 13,
                "fontWeight": "400",
                "height": 27,
                "letterSpacing": 1.45,
                "width": 278,
              },
              Array [
                Object {
                  "fontFamily": "Menlo-Regular",
                  "fontSize": 13,
                  "height": 27,
                  "letterSpacing": 1,
                  "padding": 0,
                  "paddingLeft": 20,
                  "width": "100%",
                },
                Object {},
              ],
            ]
          }
          value={undefined}
        />
      </View>
      <Text
        accessible={true}
        allowFontScaling={true}
        disabled={false}
        ellipsizeMode="tail"
        style={
          Array [
            Object {
              "color": "#DDDDDF",
              "fontFamily": "Menlo-Regular",
              "fontSize": 13,
              "left": 13,
              "position": "absolute",
              "top": 12.5,
            },
            Object {},
          ]
        }
      >
        7
        .
      </Text>
    </View>
  </View>
  <View
    style={
      Object {
        "padding": 4,
        "width": "50%",
      }
    }
  >
    <View>
      <View
        style={
          Array [
            Object {
              "backgroundColor": "white",
              "borderRadius": 27,
              "borderWidth": 1,
              "padding": 17,
              "paddingBottom": 3,
              "paddingTop": 7,
              "shadowColor": "#000000",
              "shadowOffset": Object {
                "height": 4,
                "width": 0,
              },
              "shadowOpacity": 0.05,
              "shadowRadius": 8,
            },
            Object {
              "paddingTop": 7,
            },
            Object {
              "borderColor": "#DDDDDF",
            },
          ]
        }
      >
        <TextInput
          autoCapitalize="none"
          autoCorrect={false}
          enablesReturnKeyAutomatically={true}
          keyboardType={undefined}
          onBlur={[Function]}
          onChangeText={[Function]}
          onFocus={[Function]}
          onSubmitEditing={[Function]}
          placeholder={undefined}
          placeholderTextColor="#DDDDDF"
          returnKeyType="next"
          selectionColor="#FFCA8B"
          style={
            Array [
              Object {
                "color": "#504E64",
                "fontFamily": "Avenir Next",
                "fontSize": 13,
                "fontWeight": "400",
                "height": 27,
                "letterSpacing": 1.45,
                "width": 278,
              },
              Array [
                Object {
                  "fontFamily": "Menlo-Regular",
                  "fontSize": 13,
                  "height": 27,
                  "letterSpacing": 1,
                  "padding": 0,
                  "paddingLeft": 20,
                  "width": "100%",
                },
                Object {},
              ],
            ]
          }
          value={undefined}
        />
      </View>
      <Text
        accessible={true}
        allowFontScaling={true}
        disabled={false}
        ellipsizeMode="tail"
        style={
          Array [
            Object {
              "color": "#DDDDDF",
              "fontFamily": "Menlo-Regular",
              "fontSize": 13,
              "left": 13,
              "position": "absolute",
              "top": 12.5,
            },
            Object {},
          ]
        }
      >
        8
        .
      </Text>
    </View>
  </View>
  <View
    style={
      Object {
        "padding": 4,
        "width": "50%",
      }
    }
  >
    <View>
      <View
        style={
          Array [
            Object {
              "backgroundColor": "white",
              "borderRadius": 27,
              "borderWidth": 1,
              "padding": 17,
              "paddingBottom": 3,
              "paddingTop": 7,
              "shadowColor": "#000000",
              "shadowOffset": Object {
                "height": 4,
                "width": 0,
              },
              "shadowOpacity": 0.05,
              "shadowRadius": 8,
            },
            Object {
              "paddingTop": 7,
            },
            Object {
              "borderColor": "#DDDDDF",
            },
          ]
        }
      >
        <TextInput
          autoCapitalize="none"
          autoCorrect={false}
          enablesReturnKeyAutomatically={true}
          keyboardType={undefined}
          onBlur={[Function]}
          onChangeText={[Function]}
          onFocus={[Function]}
          onSubmitEditing={[Function]}
          placeholder={undefined}
          placeholderTextColor="#DDDDDF"
          returnKeyType="next"
          selectionColor="#FFCA8B"
          style={
            Array [
              Object {
                "color": "#504E64",
                "fontFamily": "Avenir Next",
                "fontSize": 13,
                "fontWeight": "400",
                "height": 27,
                "letterSpacing": 1.45,
                "width": 278,
              },
              Array [
                Object {
                  "fontFamily": "Menlo-Regular",
                  "fontSize": 13,
                  "height": 27,
                  "letterSpacing": 1,
                  "padding": 0,
                  "paddingLeft": 20,
                  "width": "100%",
                },
                Object {},
              ],
            ]
          }
          value={undefined}
        />
      </View>
      <Text
        accessible={true}
        allowFontScaling={true}
        disabled={false}
        ellipsizeMode="tail"
        style={
          Array [
            Object {
              "color": "#DDDDDF",
              "fontFamily": "Menlo-Regular",
              "fontSize": 13,
              "left": 13,
              "position": "absolute",
              "top": 12.5,
            },
            Object {},
          ]
        }
      >
        9
        .
      </Text>
    </View>
  </View>
  <View
    style={
      Object {
        "padding": 4,
        "width": "50%",
      }
    }
  >
    <View>
      <View
        style={
          Array [
            Object {
              "backgroundColor": "white",
              "borderRadius": 27,
              "borderWidth": 1,
              "padding": 17,
              "paddingBottom": 3,
              "paddingTop": 7,
              "shadowColor": "#000000",
              "shadowOffset": Object {
                "height": 4,
                "width": 0,
              },
              "shadowOpacity": 0.05,
              "shadowRadius": 8,
            },
            Object {
              "paddingTop": 7,
            },
            Object {
              "borderColor": "#DDDDDF",
            },
          ]
        }
      >
        <TextInput
          autoCapitalize="none"
          autoCorrect={false}
          enablesReturnKeyAutomatically={true}
          keyboardType={undefined}
          onBlur={[Function]}
          onChangeText={[Function]}
          onFocus={[Function]}
          onSubmitEditing={[Function]}
          placeholder={undefined}
          placeholderTextColor="#DDDDDF"
          returnKeyType="next"
          selectionColor="#FFCA8B"
          style={
            Array [
              Object {
                "color": "#504E64",
                "fontFamily": "Avenir Next",
                "fontSize": 13,
                "fontWeight": "400",
                "height": 27,
                "letterSpacing": 1.45,
                "width": 278,
              },
              Array [
                Object {
                  "fontFamily": "Menlo-Regular",
                  "fontSize": 13,
                  "height": 27,
                  "letterSpacing": 1,
                  "padding": 0,
                  "paddingLeft": 20,
                  "width": "100%",
                },
                Object {},
              ],
            ]
          }
          value={undefined}
        />
      </View>
      <Text
        accessible={true}
        allowFontScaling={true}
        disabled={false}
        ellipsizeMode="tail"
        style={
          Array [
            Object {
              "color": "#DDDDDF",
              "fontFamily": "Menlo-Regular",
              "fontSize": 13,
              "left": 13,
              "position": "absolute",
              "top": 12.5,
            },
            Object {},
          ]
        }
      >
        10
        .
      </Text>
    </View>
  </View>
  <View
    style={
      Object {
        "padding": 4,
        "width": "50%",
      }
    }
  >
    <View>
      <View
        style={
          Array [
            Object {
              "backgroundColor": "white",
              "borderRadius": 27,
              "borderWidth": 1,
              "padding": 17,
              "paddingBottom": 3,
              "paddingTop": 7,
              "shadowColor": "#000000",
              "shadowOffset": Object {
                "height": 4,
                "width": 0,
              },
              "shadowOpacity": 0.05,
              "shadowRadius": 8,
            },
            Object {
              "paddingTop": 7,
            },
            Object {
              "borderColor": "#DDDDDF",
            },
          ]
        }
      >
        <TextInput
          autoCapitalize="none"
          autoCorrect={false}
          enablesReturnKeyAutomatically={true}
          keyboardType={undefined}
          onBlur={[Function]}
          onChangeText={[Function]}
          onFocus={[Function]}
          onSubmitEditing={[Function]}
          placeholder={undefined}
          placeholderTextColor="#DDDDDF"
          returnKeyType="next"
          selectionColor="#FFCA8B"
          style={
            Array [
              Object {
                "color": "#504E64",
                "fontFamily": "Avenir Next",
                "fontSize": 13,
                "fontWeight": "400",
                "height": 27,
                "letterSpacing": 1.45,
                "width": 278,
              },
              Array [
                Object {
                  "fontFamily": "Menlo-Regular",
                  "fontSize": 13,
                  "height": 27,
                  "letterSpacing": 1,
                  "padding": 0,
                  "paddingLeft": 20,
                  "width": "100%",
                },
                Object {},
              ],
            ]
          }
          value={undefined}
        />
      </View>
      <Text
        accessible={true}
        allowFontScaling={true}
        disabled={false}
        ellipsizeMode="tail"
        style={
          Array [
            Object {
              "color": "#DDDDDF",
              "fontFamily": "Menlo-Regular",
              "fontSize": 13,
              "left": 13,
              "position": "absolute",
              "top": 12.5,
            },
            Object {},
          ]
        }
      >
        11
        .
      </Text>
    </View>
  </View>
  <View
    style={
      Object {
        "padding": 4,
        "width": "50%",
      }
    }
  >
    <View>
      <View
        style={
          Array [
            Object {
              "backgroundColor": "white",
              "borderRadius": 27,
              "borderWidth": 1,
              "padding": 17,
              "paddingBottom": 3,
              "paddingTop": 7,
              "shadowColor": "#000000",
              "shadowOffset": Object {
                "height": 4,
                "width": 0,
              },
              "shadowOpacity": 0.05,
              "shadowRadius": 8,
            },
            Object {
              "paddingTop": 7,
            },
            Object {
              "borderColor": "#DDDDDF",
            },
          ]
        }
      >
        <TextInput
          autoCapitalize="none"
          autoCorrect={false}
          enablesReturnKeyAutomatically={true}
          keyboardType={undefined}
          onBlur={[Function]}
          onChangeText={[Function]}
          onFocus={[Function]}
          onSubmitEditing={[Function]}
          placeholder={undefined}
          placeholderTextColor="#DDDDDF"
          returnKeyType="done"
          selectionColor="#FFCA8B"
          style={
            Array [
              Object {
                "color": "#504E64",
                "fontFamily": "Avenir Next",
                "fontSize": 13,
                "fontWeight": "400",
                "height": 27,
                "letterSpacing": 1.45,
                "width": 278,
              },
              Array [
                Object {
                  "fontFamily": "Menlo-Regular",
                  "fontSize": 13,
                  "height": 27,
                  "letterSpacing": 1,
                  "padding": 0,
                  "paddingLeft": 20,
                  "width": "100%",
                },
                Object {},
              ],
            ]
          }
          value={undefined}
        />
      </View>
      <Text
        accessible={true}
        allowFontScaling={true}
        disabled={false}
        ellipsizeMode="tail"
        style={
          Array [
            Object {
              "color": "#DDDDDF",
              "fontFamily": "Menlo-Regular",
              "fontSize": 13,
              "left": 13,
              "position": "absolute",
              "top": 12.5,
            },
            Object {},
          ]
        }
      >
        12
        .
      </Text>
    </View>
  </View>
</View>
`;
